******************************************************************************
                  TI ARM Linker PC v20.2.7                     
******************************************************************************
>> Linked Mon Aug 28 04:52:40 2023

OUTPUT FILE NAME:   <Stop_Watch.out>
ENTRY POINT SYMBOL: "_c_int00_noargs"  address: 000011f9


MEMORY CONFIGURATION

         name            origin    length      used     unused   attr    fill
----------------------  --------  ---------  --------  --------  ----  --------
  FLASH                 00000000   00040000  0000129a  0003ed66  R  X
  SRAM                  20000000   00008000  00000208  00007df8  RW X


SEGMENT ALLOCATION MAP

run origin  load origin   length   init length attrs members
----------  ----------- ---------- ----------- ----- -------
00000000    00000000    000012a0   000012a0    r-x
  00000000    00000000    0000026c   0000026c    r-- .intvecs
  0000026c    0000026c    00000ffe   00000ffe    r-x .text
  00001270    00001270    00000030   00000030    r-- .cinit
20000000    20000000    00000208   00000000    rw-
  20000000    20000000    00000200   00000000    rw- .stack
  20000200    20000200    00000007   00000000    rw- .bss
  20000207    20000207    00000001   00000000    rw- .data


SECTION ALLOCATION MAP

 output                                  attributes/
section   page    origin      length       input sections
--------  ----  ----------  ----------   ----------------
.intvecs   0    00000000    0000026c     
                  00000000    0000026c     tm4c123gh6pm_startup_ccs.obj (.intvecs)

.text      0    0000026c    00000ffe     
                  0000026c    00000714     DIO.obj (.text)
                  00000980    00000328     LCD.obj (.text)
                  00000ca8    000001e0     stopWatch.obj (.text)
                  00000e88    000001cc     delay.obj (.text)
                  00001054    0000009c     rtsv7M4_T_le_v4SPD16_eabi.lib : memcpy_t2.asm.obj (.text)
                  000010f0    00000068                                   : copy_decompress_lzss.c.obj (.text:decompress:lzss:__TI_decompress_lzss)
                  00001158    0000005c     main.obj (.text)
                  000011b4    00000044     rtsv7M4_T_le_v4SPD16_eabi.lib : autoinit.c.obj (.text:__TI_auto_init_nobinit_nopinit:__TI_auto_init_nobinit_nopinit)
                  000011f8    00000034                                   : boot_cortex_m.c.obj (.text:_c_int00_noargs:_c_int00_noargs)
                  0000122c    0000001c                                   : copy_zero_init.c.obj (.text:decompress:ZI:__TI_zero_init_nomemset:__TI_zero_init_nomemset)
                  00001248    0000000e                                   : copy_decompress_none.c.obj (.text:decompress:none:__TI_decompress_none)
                  00001256    0000000c     tm4c123gh6pm_startup_ccs.obj (.text)
                  00001262    00000004     rtsv7M4_T_le_v4SPD16_eabi.lib : pre_init.c.obj (.text:_system_pre_init)
                  00001266    00000004                                   : exit.c.obj (.text:abort:abort)

.cinit     0    00001270    00000030     
                  00001270    0000000c     (__TI_handler_table)
                  0000127c    00000004     --HOLE-- [fill = 0]
                  00001280    00000008     (.cinit..bss.load) [load image, compression = zero_init]
                  00001288    00000005     (.cinit..data.load) [load image, compression = lzss]
                  0000128d    00000003     --HOLE-- [fill = 0]
                  00001290    00000010     (__TI_cinit_table)

.init_array 
*          0    00000000    00000000     UNINITIALIZED

.bss       0    20000200    00000007     UNINITIALIZED
                  20000200    00000003     (.common:lapTime)
                  20000203    00000003     (.common:time)
                  20000206    00000001     (.common:lapOn)

.data      0    20000207    00000001     UNINITIALIZED
                  20000207    00000001     stopWatch.obj (.data)

.stack     0    20000000    00000200     UNINITIALIZED
                  20000000    00000004     rtsv7M4_T_le_v4SPD16_eabi.lib : boot_cortex_m.c.obj (.stack)
                  20000004    000001fc     --HOLE--

__llvm_prf_cnts 
*          0    20000000    00000000     UNINITIALIZED

MODULE SUMMARY

       Module                         code   ro data   rw data
       ------                         ----   -------   -------
    .\
       DIO.obj                        1812   0         0      
       LCD.obj                        808    0         0      
       tm4c123gh6pm_startup_ccs.obj   12     620       0      
       stopWatch.obj                  480    0         1      
       delay.obj                      460    0         7      
       main.obj                       92     0         0      
    +--+------------------------------+------+---------+---------+
       Total:                         3664   620       8      
                                                              
    C:\ti\ccs1230\ccs\tools\compiler\ti-cgt-arm_20.2.7.LTS\lib\rtsv7M4_T_le_v4SPD16_eabi.lib
       memcpy_t2.asm.obj              156    0         0      
       copy_decompress_lzss.c.obj     104    0         0      
       autoinit.c.obj                 68     0         0      
       boot_cortex_m.c.obj            52     0         0      
       copy_zero_init.c.obj           28     0         0      
       copy_decompress_none.c.obj     14     0         0      
       exit.c.obj                     4      0         0      
       pre_init.c.obj                 4      0         0      
    +--+------------------------------+------+---------+---------+
       Total:                         430    0         0      
                                                              
       Stack:                         0      0         512    
       Linker Generated:              0      41        0      
    +--+------------------------------+------+---------+---------+
       Grand Total:                   4094   661       520    


LINKER GENERATED COPY TABLES

__TI_cinit_table @ 00001290 records: 2, size/record: 8, table size: 16
	.bss: load addr=00001280, load size=00000008 bytes, run addr=20000200, run size=00000007 bytes, compression=zero_init
	.data: load addr=00001288, load size=00000005 bytes, run addr=20000207, run size=00000001 bytes, compression=lzss


LINKER GENERATED HANDLER TABLE

__TI_handler_table @ 00001270 records: 3, size/record: 4, table size: 12
	index: 0, handler: __TI_decompress_lzss
	index: 1, handler: __TI_decompress_none
	index: 2, handler: __TI_zero_init


GLOBAL SYMBOLS: SORTED ALPHABETICALLY BY Name 

address   name                          
-------   ----                          
00001267  C$$EXIT                       
0000026d  DIO_Init                      
000002c5  DIO_Write_Pin                 
00000525  DIO_configurePin              
0000044f  DIO_readPin                   
00000aab  LCD_init                      
00000bb9  LCD_wite_cmd_data             
00000c6f  LCD_writ_string               
00000f37  Print                         
00001257  ResetISR                      
00000f0b  SYSTICK_init                  
20000200  __STACK_END                   
00000200  __STACK_SIZE                  
20000200  __STACK_TOP                   
00001290  __TI_CINIT_Base               
000012a0  __TI_CINIT_Limit              
00001270  __TI_Handler_Table_Base       
0000127c  __TI_Handler_Table_Limit      
000011b5  __TI_auto_init_nobinit_nopinit
000010f1  __TI_decompress_lzss          
00001249  __TI_decompress_none          
ffffffff  __TI_pprof_out_hndl           
ffffffff  __TI_prof_data_size           
ffffffff  __TI_prof_data_start          
00000000  __TI_static_base__            
0000122d  __TI_zero_init_nomemset       
00001055  __aeabi_memcpy                
00001055  __aeabi_memcpy4               
00001055  __aeabi_memcpy8               
ffffffff  __binit__                     
ffffffff  __c_args__                    
UNDEFED   __mpu_init                    
20000000  __stack                       
20000000  __start___llvm_prf_cnts       
20000000  __stop___llvm_prf_cnts        
000011f9  _c_int00_noargs               
UNDEFED   _system_post_cinit            
00001263  _system_pre_init              
00001267  abort                         
ffffffff  binit                         
00000000  g_pfnVectors                  
00000f1f  intToChar                     
20000206  lapOn                         
20000200  lapTime                       
00001159  main                          
00001055  memcpy                        
20000207  mode                          
00001001  println                       
00000981  send_char                     
00000ca9  stopWatch                     
00000e89  systick_handler               
20000203  time                          


GLOBAL SYMBOLS: SORTED BY Symbol Address 

address   name                          
-------   ----                          
00000000  __TI_static_base__            
00000000  g_pfnVectors                  
00000200  __STACK_SIZE                  
0000026d  DIO_Init                      
000002c5  DIO_Write_Pin                 
0000044f  DIO_readPin                   
00000525  DIO_configurePin              
00000981  send_char                     
00000aab  LCD_init                      
00000bb9  LCD_wite_cmd_data             
00000c6f  LCD_writ_string               
00000ca9  stopWatch                     
00000e89  systick_handler               
00000f0b  SYSTICK_init                  
00000f1f  intToChar                     
00000f37  Print                         
00001001  println                       
00001055  __aeabi_memcpy                
00001055  __aeabi_memcpy4               
00001055  __aeabi_memcpy8               
00001055  memcpy                        
000010f1  __TI_decompress_lzss          
00001159  main                          
000011b5  __TI_auto_init_nobinit_nopinit
000011f9  _c_int00_noargs               
0000122d  __TI_zero_init_nomemset       
00001249  __TI_decompress_none          
00001257  ResetISR                      
00001263  _system_pre_init              
00001267  C$$EXIT                       
00001267  abort                         
00001270  __TI_Handler_Table_Base       
0000127c  __TI_Handler_Table_Limit      
00001290  __TI_CINIT_Base               
000012a0  __TI_CINIT_Limit              
20000000  __stack                       
20000000  __start___llvm_prf_cnts       
20000000  __stop___llvm_prf_cnts        
20000200  __STACK_END                   
20000200  __STACK_TOP                   
20000200  lapTime                       
20000203  time                          
20000206  lapOn                         
20000207  mode                          
ffffffff  __TI_pprof_out_hndl           
ffffffff  __TI_prof_data_size           
ffffffff  __TI_prof_data_start          
ffffffff  __binit__                     
ffffffff  __c_args__                    
ffffffff  binit                         
UNDEFED   __mpu_init                    
UNDEFED   _system_post_cinit            

[52 symbols]
